npm error code ENOENT
npm error syscall open
npm error path /Users/anker/Desktop/work/mydocuments/project/agent-study/helloagents-platform/package.json
npm error errno -2
npm error enoent Could not read package.json: Error: ENOENT: no such file or directory, open '/Users/anker/Desktop/work/mydocuments/project/agent-study/helloagents-platform/package.json'
npm error enoent This is related to npm not being able to find a file.
npm error enoent
npm error A complete log of this run can be found in: /Users/anker/.npm/_logs/2026-01-09T10_50_13_519Z-debug-0.log
